// 重构日志: faa91a72
// 重构日志: 1ac7dde9
// 同步 ID: babab0d7 @ Mon Jul 20 16:26:32 UTC 2026
// 重构日志: 84e7f1ae
// 重构日志: 6a5ae782
// 同步 ID: 0a2505db @ Fri Jul 24 13:38:29 UTC 2026
// 重构日志: 6092495b
// 重构日志: cbef571c
// 重构日志: 7da9fec4
// 重构日志: 04d595f0
// 重构日志: 4b1cfd20
// 重构日志: 4bc54288
// 重构日志: d29eee52
// 同步 ID: 1d0d8967 @ Thu Jul 30 16:49:51 UTC 2026
// 重构日志: d1cd7599
// 重构日志: 0ab52aad
// 重构日志: 2d5a9640
// 重构日志: 43e7f6aa
// 重构日志: 4151c329
// 重构日志: f84358e2
// 同步 ID: 38674944 @ Sat Aug  8 14:32:56 UTC 2026
